BIGINT_NORMALIZE=PASS
BIGINT_ADD=PASS
BIGINT_SUB=PASS
BIGINT_MUL=PASS
BIGINT_DIV=PASS
BIGINT_MOD=PASS
BIGINT_NEGATIVE_MOD=PASS
BIGINT_POWER_2_127=PASS
SAVE_ZERO=PASS
SAVE_M=PASS
SAVE_M_PLUS_1=PASS
SAVE_NEGATIVE_1=PASS
ANSWER_OFFSET_BEYOND_LONG=PASS
DAY_FOUNDATION=PASS
DAY_FOUNDATION_MINUS_1=PASS
DAY_FOUNDATION_PLUS_1=PASS
DAY_ARBITRARY_PRECISION=PASS
GATE_INDEX_FOUNDATION_TEXT=PASS
ORACLE_REFERENCE_READY=PASS
PERM_1_1=PASS
PERM_1_2=PASS
PERM_1_3=PASS
PERM_1_4=PASS
PERM_1_5=PASS
PERM_1_6=PASS
PERM_720_1=PASS
PERM_720_2=PASS
PERM_720_3=PASS
PERM_720_4=PASS
PERM_720_5=PASS
PERM_720_6=PASS
FALLING_17_6=PASS
BOUNDED_COUNT=PASS
BOUNDED_UNRANK_1=PASS
BOUNDED_UNRANK_2=PASS
CUTLET_FILTERED_COUNT=PASS
CUTLET_UNRANK_1_A=PASS
CUTLET_UNRANK_1_B=PASS
CUTLET_UNRANK_1_C=PASS
CUTLET_UNRANK_4_A=PASS
CUTLET_UNRANK_4_B=PASS
CUTLET_UNRANK_4_C=PASS
DISTINCT_FIRST_A=PASS
DISTINCT_FIRST_B=PASS
DISTINCT_FIRST_C=PASS
DISTINCT_LAST_A=PASS
DISTINCT_LAST_B=PASS
DISTINCT_LAST_C=PASS
WEAVE_COUNT_2_2=PASS
WEAVE_R1_1=PASS
WEAVE_R1_2=PASS
WEAVE_R1_3=PASS
WEAVE_R1_4=PASS
WEAVE_R2_1=PASS
WEAVE_R2_2=PASS
WEAVE_R2_3=PASS
WEAVE_R2_4=PASS
CATALOG_FROZEN=PASS
FIXTURE_CATALOG_READY=PASS
CATALOG_CUTLET_COUNT=PASS
CATALOG_MONTH_COUNT=PASS
CATALOG_CUTLET_UNIQUE=PASS
CATALOG_MONTH_UNIQUE=PASS
CUTLET_INDEX_1=PASS
CUTLET_INDEX_2=PASS
CUTLET_INDEX_3=PASS
CUTLET_INDEX_4=PASS
CUTLET_INDEX_5=PASS
CUTLET_INDEX_6=PASS
CUTLET_INDEX_7=PASS
CUTLET_INDEX_8=PASS
CUTLET_INDEX_9=PASS
CUTLET_INDEX_10=PASS
CUTLET_INDEX_11=PASS
CUTLET_INDEX_12=PASS
CUTLET_INDEX_13=PASS
CUTLET_INDEX_14=PASS
CUTLET_INDEX_15=PASS
CUTLET_INDEX_16=PASS
CUTLET_INDEX_17=PASS
MONTH_INDEX_1=PASS
MONTH_INDEX_2=PASS
MONTH_INDEX_3=PASS
MONTH_INDEX_4=PASS
MONTH_INDEX_5=PASS
MONTH_INDEX_6=PASS
MONTH_INDEX_7=PASS
MONTH_INDEX_8=PASS
MONTH_INDEX_9=PASS
MONTH_INDEX_10=PASS
MONTH_INDEX_11=PASS
MONTH_INDEX_12=PASS
MONTH_INDEX_13=PASS
MONTH_INDEX_14=PASS
MONTH_INDEX_15=PASS
MONTH_INDEX_16=PASS
MONTH_INDEX_17=PASS
MONTH_INDEX_18=PASS
MONTH_INDEX_19=PASS
MONTH_INDEX_20=PASS
MONTH_INDEX_21=PASS
MONTH_INDEX_22=PASS
MONTH_INDEX_23=PASS
MONTH_INDEX_24=PASS
MONTH_INDEX_25=PASS
MONTH_INDEX_26=PASS
MONTH_INDEX_27=PASS
MONTH_INDEX_28=PASS
MONTH_INDEX_29=PASS
MONTH_INDEX_30=PASS
MONTH_INDEX_31=PASS
MONTH_INDEX_32=PASS
MONTH_INDEX_33=PASS
MONTH_INDEX_34=PASS
MONTH_INDEX_35=PASS
MONTH_INDEX_36=PASS
MONTH_INDEX_37=PASS
MONTH_INDEX_38=PASS
MONTH_INDEX_39=PASS
MONTH_INDEX_40=PASS
MONTH_INDEX_41=PASS
MONTH_INDEX_42=PASS
MONTH_INDEX_43=PASS
MONTH_INDEX_44=PASS
MONTH_INDEX_45=PASS
MONTH_INDEX_46=PASS
MONTH_INDEX_47=PASS
CATALOG_WHEAT=PASS
CATALOG_SALT=PASS
CTX_NORMALIZED_CALC=PASS
CTX_NORMALIZED_TARGET=PASS
CTX_OWNER_A=PASS
CTX_OWNER_B=PASS
CTX_METRICS_A=PASS
CTX_METRICS_B=PASS
CTX_VALIDATE_A=PASS
CTX_VALIDATE_B=PASS
BOOTSTRAP_NEUTRAL=PASS
PRODUCTION_SKELETON_READY=PASS
PRODUCTION_STAGE=PASS
OVERALL=PASS
