46
7
46
47
46
1
1
6
21
720
6
17
29
43
71
101
1
0
1
6
21
720
6
88805
138386
293767
732740
956489
1926550
1
1
1
6
1
1
1
1
1
1
46
47
1
1
6
21
720
45
0
45
270
45
47
1
1
1
1
1
1
12
13
1
1
1
1
1
1
6
21
720
1
1
1
1
1
1
922
1
1
2
1
1
46
7
46
47
46
1
1
6
21
720
6
17
29
43
71
101
1
0
1
6
21
720
6
91810
143643
303604
751693
982086
1968415
1
1
1
6
1
1
1
1
1
1
46
47
1
1
6
21
720
45
0
45
270
45
47
1
1
1
1
1
1
12
13
1
1
1
1
1
1
6
21
720
1
1
1
1
1
1
922
1
1
2
1
1
46
7
46
47
46
1
1
6
21
720
6
17
29
43
71
101
1
0
1
6
21
720
6
91205
142131
300307
744773
972201
1951615
1
1
1
6
1
1
1
1
1
1
46
47
1
1
6
21
720
45
0
45
270
45
47
1
1
1
1
1
1
12
13
1
1
1
1
1
1
6
21
720
1
1
1
1
1
1
922
1
1
2
1
1
46
7
46
47
46
1
1
6
21
720
6
17
29
43
71
101
1
0
1
6
21
720
6
94250
147458
310252
763880
998006
1993750
1
1
1
6
1
1
1
1
1
1
46
47
1
1
6
21
720
45
0
45
270
45
47
1
1
1
1
1
1
12
13
1
1
1
1
1
1
6
21
720
1
1
1
1
1
1
922
1
1
2
1
1
-2
2
-15057470
-15054533
1
2
0
0
4
