ETAP=1
LINIA=MATLAB+Polski
MATLAB_VERSION=26.1.0.3346908 (R2026a) Update 5
MATLAB_RELEASE=2026a
POLECENIE_1=run_stage01_tests
STAGE_01_TESTS_PASS
WYNIK_1=PASS
POLECENIE_2=run_stage01_heavy_oracle_test
HEAVY_ORACLE_PHASE=CALENDAR_BEGIN
ORACLE_PHASE=FIND_TARGET_YEAR_BEGIN
ORACLE_PHASE=FIND_TARGET_YEAR_END SECONDS=43.954
ORACLE_PHASE=BUILD_YEAR_STRUCTURE_BEGIN
ORACLE_PHASE=STRUCTURE_SAUCE_BEGIN
ORACLE_PHASE=STRUCTURE_SAUCE_END SECONDS=1.379
ORACLE_PHASE=CUTLETS_BEGIN
ORACLE_PHASE=CUTLETS_END SECONDS=0.048
ORACLE_PHASE=MONTH_LENGTHS_BEGIN
ORACLE_PHASE=MONTH_LENGTHS_END SECONDS=16.202
ORACLE_PHASE=MONTH_WEAVING_BEGIN
ORACLE_MONTH_COUNT=45
ORACLE_MONTH_LENGTHS=115,108,119,109,106,81,115,114,117,120,98,52,81,97,121,97,115,96,107,61,106,115,119,39,84,103,115,107,55,119,97,50,122,110,81,54,101,83,88,40,25,77,98,122,105,
ORACLE_WEAVING_COUNT_BEGIN
ORACLE_WEAVING_PRECOMPUTE_BEGIN
ORACLE_WEAVING_PRECOMPUTE_ROW=5/45 CELLS=3778 SECONDS=10.496
ORACLE_WEAVING_PRECOMPUTE_ROW=10/45 CELLS=3417 SECONDS=24.843
ORACLE_WEAVING_PRECOMPUTE_ROW=15/45 CELLS=2962 SECONDS=44.091
ORACLE_WEAVING_PRECOMPUTE_ROW=20/45 CELLS=2468 SECONDS=66.320
ORACLE_WEAVING_PRECOMPUTE_ROW=25/45 CELLS=2010 SECONDS=89.393
ORACLE_WEAVING_PRECOMPUTE_ROW=30/45 CELLS=1539 SECONDS=131.448
ORACLE_WEAVING_PRECOMPUTE_ROW=35/45 CELLS=1095 SECONDS=163.070
ORACLE_WEAVING_PRECOMPUTE_ROW=40/45 CELLS=553 SECONDS=189.139
ORACLE_WEAVING_PRECOMPUTE_ROW=45/45 CELLS=1 SECONDS=194.652
ORACLE_WEAVING_PRECOMPUTE_END SECONDS=194.653 DIGITS=6765
ORACLE_WEAVING_COUNT_END SECONDS=194.673 DIGITS=6765
ORACLE_WEAVING_UNRANK_BEGIN
ORACLE_WEAVING_UNRANK_POSITION=50/4244 OPENED=33 CLOSED=0 SECONDS=6.355
ORACLE_WEAVING_UNRANK_POSITION=100/4244 OPENED=38 CLOSED=0 SECONDS=17.077
ORACLE_WEAVING_UNRANK_POSITION=150/4244 OPENED=41 CLOSED=0 SECONDS=25.685
ORACLE_WEAVING_UNRANK_POSITION=200/4244 OPENED=44 CLOSED=0 SECONDS=34.404
ORACLE_WEAVING_UNRANK_POSITION=250/4244 OPENED=44 CLOSED=0 SECONDS=44.089
ORACLE_WEAVING_UNRANK_POSITION=300/4244 OPENED=45 CLOSED=0 SECONDS=53.114
ORACLE_WEAVING_UNRANK_POSITION=350/4244 OPENED=45 CLOSED=0 SECONDS=63.100
ORACLE_WEAVING_UNRANK_POSITION=400/4244 OPENED=45 CLOSED=0 SECONDS=72.739
ORACLE_WEAVING_UNRANK_POSITION=450/4244 OPENED=45 CLOSED=0 SECONDS=83.069
ORACLE_WEAVING_UNRANK_POSITION=500/4244 OPENED=45 CLOSED=0 SECONDS=86.642
ORACLE_WEAVING_UNRANK_POSITION=550/4244 OPENED=45 CLOSED=0 SECONDS=89.043
ORACLE_WEAVING_UNRANK_POSITION=600/4244 OPENED=45 CLOSED=0 SECONDS=91.331
ORACLE_WEAVING_UNRANK_POSITION=650/4244 OPENED=45 CLOSED=0 SECONDS=93.822
ORACLE_WEAVING_UNRANK_POSITION=700/4244 OPENED=45 CLOSED=0 SECONDS=95.896
ORACLE_WEAVING_UNRANK_POSITION=750/4244 OPENED=45 CLOSED=0 SECONDS=98.008
ORACLE_WEAVING_UNRANK_POSITION=800/4244 OPENED=45 CLOSED=0 SECONDS=100.280
ORACLE_WEAVING_UNRANK_POSITION=850/4244 OPENED=45 CLOSED=0 SECONDS=102.531
ORACLE_WEAVING_UNRANK_POSITION=900/4244 OPENED=45 CLOSED=0 SECONDS=104.769
ORACLE_WEAVING_UNRANK_POSITION=950/4244 OPENED=45 CLOSED=0 SECONDS=111.264
ORACLE_WEAVING_UNRANK_POSITION=1000/4244 OPENED=45 CLOSED=0 SECONDS=117.226
ORACLE_WEAVING_UNRANK_POSITION=1050/4244 OPENED=45 CLOSED=0 SECONDS=118.939
ORACLE_WEAVING_UNRANK_POSITION=1100/4244 OPENED=45 CLOSED=0 SECONDS=121.193
ORACLE_WEAVING_UNRANK_POSITION=1150/4244 OPENED=45 CLOSED=0 SECONDS=126.526
ORACLE_WEAVING_UNRANK_POSITION=1200/4244 OPENED=45 CLOSED=0 SECONDS=133.504
ORACLE_WEAVING_UNRANK_POSITION=1250/4244 OPENED=45 CLOSED=0 SECONDS=142.333
ORACLE_WEAVING_UNRANK_POSITION=1300/4244 OPENED=45 CLOSED=0 SECONDS=152.362
ORACLE_WEAVING_UNRANK_POSITION=1350/4244 OPENED=45 CLOSED=0 SECONDS=159.227
ORACLE_WEAVING_UNRANK_POSITION=1400/4244 OPENED=45 CLOSED=0 SECONDS=165.725
ORACLE_WEAVING_UNRANK_POSITION=1450/4244 OPENED=45 CLOSED=0 SECONDS=172.235
ORACLE_WEAVING_UNRANK_POSITION=1500/4244 OPENED=45 CLOSED=0 SECONDS=178.374
ORACLE_WEAVING_UNRANK_POSITION=1550/4244 OPENED=45 CLOSED=0 SECONDS=185.784
ORACLE_WEAVING_UNRANK_POSITION=1600/4244 OPENED=45 CLOSED=0 SECONDS=191.921
ORACLE_WEAVING_UNRANK_POSITION=1650/4244 OPENED=45 CLOSED=0 SECONDS=198.386
ORACLE_WEAVING_UNRANK_POSITION=1700/4244 OPENED=45 CLOSED=0 SECONDS=204.733
ORACLE_WEAVING_UNRANK_POSITION=1750/4244 OPENED=45 CLOSED=0 SECONDS=210.736
ORACLE_WEAVING_UNRANK_POSITION=1800/4244 OPENED=45 CLOSED=0 SECONDS=217.141
ORACLE_WEAVING_UNRANK_POSITION=1850/4244 OPENED=45 CLOSED=0 SECONDS=223.699
ORACLE_WEAVING_UNRANK_POSITION=1900/4244 OPENED=45 CLOSED=0 SECONDS=231.884
ORACLE_WEAVING_UNRANK_POSITION=1950/4244 OPENED=45 CLOSED=0 SECONDS=237.877
ORACLE_WEAVING_UNRANK_POSITION=2000/4244 OPENED=45 CLOSED=0 SECONDS=245.952
ORACLE_WEAVING_UNRANK_POSITION=2050/4244 OPENED=45 CLOSED=0 SECONDS=253.738
ORACLE_WEAVING_UNRANK_POSITION=2100/4244 OPENED=45 CLOSED=0 SECONDS=259.529
ORACLE_WEAVING_UNRANK_POSITION=2150/4244 OPENED=45 CLOSED=0 SECONDS=266.174
ORACLE_WEAVING_UNRANK_POSITION=2200/4244 OPENED=45 CLOSED=0 SECONDS=272.804
ORACLE_WEAVING_UNRANK_POSITION=2250/4244 OPENED=45 CLOSED=0 SECONDS=279.475
ORACLE_WEAVING_UNRANK_POSITION=2300/4244 OPENED=45 CLOSED=0 SECONDS=286.097
ORACLE_WEAVING_UNRANK_POSITION=2350/4244 OPENED=45 CLOSED=0 SECONDS=293.235
ORACLE_WEAVING_UNRANK_POSITION=2400/4244 OPENED=45 CLOSED=0 SECONDS=299.045
ORACLE_WEAVING_UNRANK_POSITION=2450/4244 OPENED=45 CLOSED=0 SECONDS=306.011
ORACLE_WEAVING_UNRANK_POSITION=2500/4244 OPENED=45 CLOSED=0 SECONDS=314.666
ORACLE_WEAVING_UNRANK_POSITION=2550/4244 OPENED=45 CLOSED=0 SECONDS=321.060
ORACLE_WEAVING_UNRANK_POSITION=2600/4244 OPENED=45 CLOSED=0 SECONDS=328.978
ORACLE_WEAVING_UNRANK_POSITION=2650/4244 OPENED=45 CLOSED=0 SECONDS=334.163
ORACLE_WEAVING_UNRANK_POSITION=2700/4244 OPENED=45 CLOSED=0 SECONDS=341.529
ORACLE_WEAVING_UNRANK_POSITION=2750/4244 OPENED=45 CLOSED=0 SECONDS=350.605
ORACLE_WEAVING_UNRANK_POSITION=2800/4244 OPENED=45 CLOSED=0 SECONDS=358.561
ORACLE_WEAVING_UNRANK_POSITION=2850/4244 OPENED=45 CLOSED=0 SECONDS=362.561
ORACLE_WEAVING_UNRANK_POSITION=2900/4244 OPENED=45 CLOSED=0 SECONDS=363.792
ORACLE_WEAVING_UNRANK_POSITION=2950/4244 OPENED=45 CLOSED=0 SECONDS=365.097
ORACLE_WEAVING_UNRANK_POSITION=3000/4244 OPENED=45 CLOSED=0 SECONDS=367.029
ORACLE_WEAVING_UNRANK_POSITION=3050/4244 OPENED=45 CLOSED=0 SECONDS=368.337
ORACLE_WEAVING_UNRANK_POSITION=3100/4244 OPENED=45 CLOSED=0 SECONDS=369.637
ORACLE_WEAVING_UNRANK_POSITION=3150/4244 OPENED=45 CLOSED=0 SECONDS=371.674
ORACLE_WEAVING_UNRANK_POSITION=3200/4244 OPENED=45 CLOSED=0 SECONDS=373.055
ORACLE_WEAVING_UNRANK_POSITION=3250/4244 OPENED=45 CLOSED=0 SECONDS=374.381
ORACLE_WEAVING_UNRANK_POSITION=3300/4244 OPENED=45 CLOSED=0 SECONDS=376.085
ORACLE_WEAVING_UNRANK_POSITION=3350/4244 OPENED=45 CLOSED=0 SECONDS=377.640
ORACLE_WEAVING_UNRANK_POSITION=3400/4244 OPENED=45 CLOSED=0 SECONDS=379.772
ORACLE_WEAVING_UNRANK_POSITION=3450/4244 OPENED=45 CLOSED=0 SECONDS=381.582
ORACLE_WEAVING_UNRANK_POSITION=3500/4244 OPENED=45 CLOSED=0 SECONDS=383.169
ORACLE_WEAVING_UNRANK_POSITION=3550/4244 OPENED=45 CLOSED=0 SECONDS=385.021
ORACLE_WEAVING_UNRANK_POSITION=3600/4244 OPENED=45 CLOSED=0 SECONDS=387.138
ORACLE_WEAVING_UNRANK_POSITION=3650/4244 OPENED=45 CLOSED=0 SECONDS=388.787
ORACLE_WEAVING_UNRANK_POSITION=3700/4244 OPENED=45 CLOSED=0 SECONDS=390.303
ORACLE_WEAVING_UNRANK_POSITION=3750/4244 OPENED=45 CLOSED=0 SECONDS=391.968
ORACLE_WEAVING_UNRANK_POSITION=3800/4244 OPENED=45 CLOSED=0 SECONDS=393.869
ORACLE_WEAVING_UNRANK_POSITION=3850/4244 OPENED=45 CLOSED=0 SECONDS=395.250
ORACLE_WEAVING_UNRANK_POSITION=3900/4244 OPENED=45 CLOSED=0 SECONDS=396.825
ORACLE_WEAVING_UNRANK_POSITION=3950/4244 OPENED=45 CLOSED=0 SECONDS=398.592
ORACLE_WEAVING_UNRANK_POSITION=4000/4244 OPENED=45 CLOSED=0 SECONDS=400.133
ORACLE_WEAVING_UNRANK_POSITION=4050/4244 OPENED=45 CLOSED=0 SECONDS=401.572
ORACLE_WEAVING_UNRANK_POSITION=4100/4244 OPENED=45 CLOSED=0 SECONDS=403.467
ORACLE_WEAVING_UNRANK_POSITION=4150/4244 OPENED=45 CLOSED=2 SECONDS=405.250
ORACLE_WEAVING_UNRANK_POSITION=4200/4244 OPENED=45 CLOSED=14 SECONDS=406.432
ORACLE_WEAVING_UNRANK_POSITION=4244/4244 OPENED=45 CLOSED=45 SECONDS=406.771
ORACLE_WEAVING_UNRANK_END SECONDS=406.775
ORACLE_PHASE=MONTH_WEAVING_END SECONDS=602.941
ORACLE_PHASE=MONTH_NAMES_BEGIN
ORACLE_PHASE=MONTH_NAMES_END SECONDS=0.181
ORACLE_PHASE=BUILD_YEAR_STRUCTURE_END SECONDS=620.754
HEAVY_ORACLE_PHASE=CALENDAR_END
HEAVY_ORACLE_CALENDAR_SECONDS=664.715
STAGE_01_HEAVY_ORACLE_TEST_PASS
WYNIK_2=PASS
STAGE_01_COMPLETE_CANDIDATE=YES
STAGE_01_VERIFICATION_PASS
